{
    "Left": {
        "errorCode": 45,
        "errorEstimates": [
            0,
            -1
        ],
        "partialResults": [
            [
                0,
                0,
                1
            ]
        ],
        "varWeights": [
            1000000000000,
            9.900990099009901e9
        ]
    }
}